00:00 +0: loading C:/Users/ABHAY/coin circle/coin_circle/test/models/notification_item_test.dart
00:00 +0: C:/Users/ABHAY/coin circle/coin_circle/test/models/notification_item_test.dart: NotificationItem fromMap parses payment notification correctly
00:00 +1: C:/Users/ABHAY/coin circle/coin_circle/test/models/notification_item_test.dart: NotificationItem fromMap parses system notification correctly
00:01 +2: C:/Users/ABHAY/coin circle/coin_circle/test/widgets/login_screen_test.dart: LoginScreen Widget Tests LoginScreen displays welcome text
00:02 +2 -1: loading C:/Users/ABHAY/coin circle/coin_circle/test/widget_test.dart [E]
  Failed to load "C:/Users/ABHAY/coin circle/coin_circle/test/widget_test.dart":
  Compilation failed for testPath=C:/Users/ABHAY/coin circle/coin_circle/test/widget_test.dart: test/widget_test.dart:16:35: Error: Couldn't find constructor 'MyApp'.
      await tester.pumpWidget(const MyApp());
                                    ^^^^^
  .
00:02 +2 -1: C:/Users/ABHAY/coin circle/coin_circle/test/widgets/login_screen_test.dart: LoginScreen Widget Tests LoginScreen displays welcome text
ΓòÉΓòÉΓòí EXCEPTION CAUGHT BY FLUTTER TEST FRAMEWORK Γò₧ΓòÉΓòÉΓòÉΓòÉΓòÉΓòÉΓòÉΓòÉΓòÉΓòÉΓòÉΓòÉΓòÉΓòÉΓòÉΓòÉΓòÉΓòÉΓòÉΓòÉΓòÉΓòÉΓòÉΓòÉΓòÉΓòÉΓòÉΓòÉΓòÉΓòÉΓòÉΓòÉΓòÉΓòÉΓòÉΓòÉΓòÉΓòÉΓòÉΓòÉΓòÉΓòÉΓòÉΓòÉΓòÉΓòÉΓòÉΓòÉΓòÉΓòÉΓòÉΓòÉ
The following TestFailure was thrown running a test:
Expected: exactly one matching candidate
  Actual: _TextWidgetFinder:<Found 0 widgets with text "Welcome Back": []>
   Which: means none were found but one was expected

When the exception was thrown, this was the stack:
#4      main.<anonymous closure>.<anonymous closure> (file:///C:/Users/ABHAY/coin%20circle/coin_circle/test/widgets/login_screen_test.dart:15:7)
<asynchronous suspension>
#5      testWidgets.<anonymous closure>.<anonymous closure> (package:flutter_test/src/widget_tester.dart:192:15)
<asynchronous suspension>
#6      TestWidgetsFlutterBinding._runTestBody (package:flutter_test/src/binding.dart:1059:5)
<asynchronous suspension>
<asynchronous suspension>
(elided one frame from package:stack_trace)

This was caught by the test expectation on the following line:
  file:///C:/Users/ABHAY/coin%20circle/coin_circle/test/widgets/login_screen_test.dart line 15
The test description was:
  LoginScreen displays welcome text
ΓòÉΓòÉΓòÉΓòÉΓòÉΓòÉΓòÉΓòÉΓòÉΓòÉΓòÉΓòÉΓòÉΓòÉΓòÉΓòÉΓòÉΓòÉΓòÉΓòÉΓòÉΓòÉΓòÉΓòÉΓòÉΓòÉΓòÉΓòÉΓòÉΓòÉΓòÉΓòÉΓòÉΓòÉΓòÉΓòÉΓòÉΓòÉΓòÉΓòÉΓòÉΓòÉΓòÉΓòÉΓòÉΓòÉΓòÉΓòÉΓòÉΓòÉΓòÉΓòÉΓòÉΓòÉΓòÉΓòÉΓòÉΓòÉΓòÉΓòÉΓòÉΓòÉΓòÉΓòÉΓòÉΓòÉΓòÉΓòÉΓòÉΓòÉΓòÉΓòÉΓòÉΓòÉΓòÉΓòÉΓòÉΓòÉΓòÉΓòÉΓòÉΓòÉΓòÉΓòÉΓòÉΓòÉΓòÉΓòÉΓòÉΓòÉΓòÉΓòÉΓòÉΓòÉΓòÉΓòÉΓòÉΓòÉΓòÉΓòÉ
00:02 +2 -2: C:/Users/ABHAY/coin circle/coin_circle/test/widgets/login_screen_test.dart: LoginScreen Widget Tests LoginScreen displays welcome text [E]
  Test failed. See exception logs above.
  The test description was: LoginScreen displays welcome text
  
00:02 +2 -2: C:/Users/ABHAY/coin circle/coin_circle/test/widgets/login_screen_test.dart: LoginScreen Widget Tests LoginScreen has email and password fields
00:03 +3 -2: C:/Users/ABHAY/coin circle/coin_circle/test/widgets/login_screen_test.dart: LoginScreen Widget Tests LoginScreen has login button
00:03 +4 -2: C:/Users/ABHAY/coin circle/coin_circle/test/widgets/login_screen_test.dart: LoginScreen Widget Tests LoginScreen has forgot password link
00:03 +5 -2: C:/Users/ABHAY/coin circle/coin_circle/test/widgets/login_screen_test.dart: LoginScreen Widget Tests LoginScreen has remember me checkbox
00:03 +6 -2: C:/Users/ABHAY/coin circle/coin_circle/test/widgets/login_screen_test.dart: LoginScreen Widget Tests Email field accepts text input
00:03 +7 -2: C:/Users/ABHAY/coin circle/coin_circle/test/widgets/login_screen_test.dart: LoginScreen Widget Tests Password field accepts text input
00:03 +8 -2: Some tests failed.
